<?xml version="1.0" encoding="UTF-8"?>
<IhdsTree xmlns="http://cpim.metrosystems.net/ihds-tree/1.0/" scope="test" version="1">
    <Transaction id="1489137860226" time="2017-03-10 11:24:20.226">
        <Incident id="1">
            <Domain>
                <column1 attribute1="ceva"/>
                <column2/>
            </Domain>
            <content>
                <request>
                    <column3>{DATE:TOMORROW}</column3>
                    <column4>10000</column4>
                </request>
            </content>
            <validationResponse xmlns="">
                <statuscode>-1</statuscode>
                <request>
                    <statuscode>-1</statuscode>
                    <odinId/>
                    <messages>
                        <message>
                            <messageType>ERROR</messageType>
                            <elementName>Domain/column1</elementName>
                            <brokenRule>dataType</brokenRule>
                            <messageNo>ODIN-1</messageNo>
                            <messagePlaceholder name="dataType">number</messagePlaceholder>
                            <messagePlaceholder name="elementName">Domain/column1</messagePlaceholder>
                        </message>
                        <message>
                            <messageType>ERROR</messageType>
                            <elementName>Domain/column2</elementName>
                            <brokenRule>dataType</brokenRule>
                            <messageNo>ODIN-1</messageNo>
                            <messagePlaceholder name="dataType">boolean</messagePlaceholder>
                            <messagePlaceholder name="elementName">Domain/column2</messagePlaceholder>
                        </message>
                        <message>
                            <messageType>WARNING</messageType>
                            <elementName>content/request/column3</elementName>
                            <brokenRule>minValue</brokenRule>
                            <messageNo>ODIN-7</messageNo>
                            <messagePlaceholder name="minValue">{DATE:TOMORROW}</messagePlaceholder>
                            <messagePlaceholder name="elementName">content/request/column3</messagePlaceholder>
                        </message>
                        <message>
                            <messageType>ERROR</messageType>
                            <brokenRule>Complex validation {Domain/column1} != null || {Domain/column2} != null  with values [null, null] failed.</brokenRule>
                        </message>
                    </messages>
                </request>
            </validationResponse>
        </Incident>
    </Transaction>
</IhdsTree>
<!-- validate  maxLength+1 atribute-->