<?xml version="1.0" encoding="UTF-8"?>
<IhdsTree xmlns="http://cpim.metrosystems.net/ihds-tree/1.0/" scope="test" version="1">
    <Transaction id="1489137860226" time="2017-03-10 11:24:20.226">
        <Incident id="1">
            <Domain>
                <column1 attribute1="ceva">2</column1>
                <column2>gfdgfdg</column2>
            </Domain>
            <content>
                <request>
                    <column3>Text2</column3>
                    <column4>10000</column4>
                </request>
            </content>
            <validationResponse xmlns="">
                <statuscode>-1</statuscode>
                <request>
                    <statuscode>-1</statuscode>
                    <odinId/>
                    <messages>
                        <message>
                            <messageType>ERROR</messageType>
                            <elementName>Domain/column2</elementName>
                            <brokenRule>dataType</brokenRule>
                            <messageNo>ODIN-1</messageNo>
                            <messagePlaceholder name="dataType">boolean</messagePlaceholder>
                            <messagePlaceholder name="elementName">Domain/column2</messagePlaceholder>
                        </message>
                    </messages>
                </request>
            </validationResponse>
        </Incident>
    </Transaction>
</IhdsTree>
<!-- validate  maxLength+1 atribute-->